// Jest Snapshot v1, https://goo.gl/fbAQLP

exports[`Dashboard Component Dashboard will render 1`] = `
Object {
  "asFragment": [Function],
  "baseElement": <body>
    <div>
      <div>
        <h1
          class="text-center"
        >
          Dashboard
        </h1>
        <select
          class="form-control mt-2 mb-2 col-4"
        >
          <option
            selected=""
            value="all"
          >
            All
          </option>
          <option
            value="newQuestions"
          >
            New Questions
          </option>
          <option
            value="answeredQuestions"
          >
            Answered Questions
          </option>
        </select>
        <div
          class="border rounded mb-5"
        >
          <h2
            class="text-center border border-light"
          >
            New Questions Unanswered
          </h2>
          <div
            class="text-center"
          >
            No polls available
          </div>
        </div>
        <div
          class="border rounded mb-5"
        >
          <h2
            class="text-center border border-light"
          >
            Done
          </h2>
          <div
            class="text-center"
          >
            No answered available
          </div>
        </div>
      </div>
    </div>
  </body>,
  "container": <div>
    <div>
      <h1
        class="text-center"
      >
        Dashboard
      </h1>
      <select
        class="form-control mt-2 mb-2 col-4"
      >
        <option
          selected=""
          value="all"
        >
          All
        </option>
        <option
          value="newQuestions"
        >
          New Questions
        </option>
        <option
          value="answeredQuestions"
        >
          Answered Questions
        </option>
      </select>
      <div
        class="border rounded mb-5"
      >
        <h2
          class="text-center border border-light"
        >
          New Questions Unanswered
        </h2>
        <div
          class="text-center"
        >
          No polls available
        </div>
      </div>
      <div
        class="border rounded mb-5"
      >
        <h2
          class="text-center border border-light"
        >
          Done
        </h2>
        <div
          class="text-center"
        >
          No answered available
        </div>
      </div>
    </div>
  </div>,
  "debug": [Function],
  "findAllByAltText": [Function],
  "findAllByDisplayValue": [Function],
  "findAllByLabelText": [Function],
  "findAllByPlaceholderText": [Function],
  "findAllByRole": [Function],
  "findAllByTestId": [Function],
  "findAllByText": [Function],
  "findAllByTitle": [Function],
  "findByAltText": [Function],
  "findByDisplayValue": [Function],
  "findByLabelText": [Function],
  "findByPlaceholderText": [Function],
  "findByRole": [Function],
  "findByTestId": [Function],
  "findByText": [Function],
  "findByTitle": [Function],
  "getAllByAltText": [Function],
  "getAllByDisplayValue": [Function],
  "getAllByLabelText": [Function],
  "getAllByPlaceholderText": [Function],
  "getAllByRole": [Function],
  "getAllByTestId": [Function],
  "getAllByText": [Function],
  "getAllByTitle": [Function],
  "getByAltText": [Function],
  "getByDisplayValue": [Function],
  "getByLabelText": [Function],
  "getByPlaceholderText": [Function],
  "getByRole": [Function],
  "getByTestId": [Function],
  "getByText": [Function],
  "getByTitle": [Function],
  "queryAllByAltText": [Function],
  "queryAllByDisplayValue": [Function],
  "queryAllByLabelText": [Function],
  "queryAllByPlaceholderText": [Function],
  "queryAllByRole": [Function],
  "queryAllByTestId": [Function],
  "queryAllByText": [Function],
  "queryAllByTitle": [Function],
  "queryByAltText": [Function],
  "queryByDisplayValue": [Function],
  "queryByLabelText": [Function],
  "queryByPlaceholderText": [Function],
  "queryByRole": [Function],
  "queryByTestId": [Function],
  "queryByText": [Function],
  "queryByTitle": [Function],
  "rerender": [Function],
  "unmount": [Function],
}
`;
